Fetching URL: https://app.nocodb.com/api/v2/tables/m7lq2fxiwp128u3/records?viewId=vw72ijpqe2aptx4g&limit=1
Status: 200 OK
Body: {"list":[{"Id":1,"nc_order":1,"timestamp":"2025-12-16T05:57:05.559Z","fullName":"sanjay tambe","jobTitle":"gm - production","company":"precohole machine tools pvt. ltd.","phone1":"9.17758E+11","phone2":null,"email1":"stambe@precohole.com","email verification":null,"email2":null,"website":"precohole.com","address":"behind harmony arcade, pimpalghar, bhiwandi - kalyan road, taluka bhiwandi, district thane - 421311, maharashtra, india","notes":null,"confidence":"0.88","rawText":"sanjay tambe, gm - production, precohole machine tools pvt. ltd., mob: +91 7758048437, stambe@precohole.com, behind harmony arcade, pimpalghar, bhiwandi - kalyan road, taluka bhiwandi, district thane - 421311, maharashtra, india","fileName":"IMG_20250706_143828.jpg","fileId":"1ZE4FwlZ0hiptu9ojqrhV6tGnwGHo-Fgi","fileLink":"https://drive.google.com/file/d/1ZE4FwlZ0hiptu9ojqrhV6tGnwGHo-Fgi/view?usp=drivesdk","status":"SENT","emailBody":"Dear Mr. Tambe,\n\nGreetings from M/S Nirav Tools Pvt Ltd, Bangalore.\n\nAs the GM-Production at Precohole Machine Tools Pvt Ltd, your focus on maintaining precision and efficiency in your operations is crucial to your success.\n\nMachine tool holders and angle heads naturally experience wear over time, leading to decreased accuracy and unplanned downtime in production.\n\nWe offer comprehensive repair services for all types of live tool holders and angle heads, regardless of their age or original manufacturer.\n\nOur services include thorough cleaning, gear lapping, electroplating, spindle realignment within 0.008mm tolerance, and quality testing before dispatch.\n\nAll repairs come with a 6-month warranty and are performed using ISOFLEX NBU15 Kluber Grease for optimal performance.\n\nWe understand the importance of minimizing downtime and offer fast, economical, and guaranteed repair services to keep your operations running smoothly.\n\nPlease let us know a convenient time to discuss your current maintenance requirements or arrange for inspection of your tooling assets.\n\nLooking forward to supporting your precision manufacturing needs.\n\nBest regards,\nM/S Nirav Tools Pvt Ltd\nBangalore"}],"pageInfo":{"totalRows":995,"page":1,"pageSize":1,"isFirstPage":true,"isLastPage":false},"stats":{"dbQueryTime":"9.288"}}
